Listing 'app'...
Listing 'app\\api'...
Listing 'app\\api\\routes'...
Listing 'app\\cache'...
Listing 'app\\core'...
Listing 'app\\db'...
Listing 'app\\models'...
Listing 'app\\schemas'...
Listing 'app\\services'...
